\BOOKMARK [0][-]{chapter.1}{\376\377\006\105\006\102\006\057\006\105\006\107\006\014\000\040\006\251\006\104\006\314\006\047\006\052\000\040\006\110\000\040\006\050\006\314\006\047\006\106\000\040\006\105\006\063\006\043\006\104\006\107}{}% 1
\BOOKMARK [1][-]{section.1.1}{\376\377\006\050\006\314\006\047\006\106\000\040\006\105\006\063\006\043\006\104\006\107}{chapter.1}% 2
\BOOKMARK [1][-]{section.1.2}{\376\377\006\251\006\104\006\314\006\047\006\052\000\040\006\110\000\040\006\206\006\047\006\061\006\206\006\110\006\050\000\040\006\106\006\070\006\061\006\314}{chapter.1}% 3
\BOOKMARK [2][-]{subsection.1.2.1}{\376\377\000\040\006\047\006\176\006\314\006\057\006\105\006\314\006\110\006\104\006\110\006\230\006\314\000\040\006\110\000\040\006\251\006\104\006\314\006\047\006\052\000\040\006\063\006\251\006\052\006\107\000\040\006\102\006\104\006\050\006\314\000\040\006\110\000\040\006\176\006\314\006\064\006\257\006\314\006\061\006\314\000\040\006\053\006\047\006\106\006\110\006\314\006\107}{section.1.2}% 4
\BOOKMARK [2][-]{subsection.1.2.2}{\376\377\006\047\006\102\006\057\006\047\006\105\006\047\006\052\000\040\006\072\006\314\006\061\006\057\006\047\006\061\006\110\006\314\006\314\000\040\006\057\006\061\000\040\006\176\006\314\006\064\006\257\006\314\006\061\006\314\000\040\006\053\006\047\006\106\006\110\006\314\006\107}{section.1.2}% 5
\BOOKMARK [2][-]{subsection.1.2.3}{\376\377\006\105\006\101\006\107\006\110\006\105\000\040\006\176\006\047\006\314\006\050\006\106\006\057\006\314\000\040\006\050\006\107\000\040\006\057\006\061\006\105\006\047\006\106\000\040\006\110\000\040\006\047\006\102\006\057\006\047\006\105\006\047\006\052\000\040\006\056\006\110\006\057\006\105\006\061\006\047\006\102\006\050\006\052\006\314}{section.1.2}% 6
\BOOKMARK [2][-]{subsection.1.2.4}{\376\377\006\071\006\110\006\047\006\105\006\104\000\040\006\105\006\061\006\052\006\050\006\067\000\040\006\050\006\047\000\040\006\176\006\047\006\314\006\050\006\106\006\057\006\314\000:\000\040\006\063\006\110\006\047\006\057\000\040\006\063\006\104\006\047\006\105\006\052}{section.1.2}% 7
\BOOKMARK [2][-]{subsection.1.2.5}{\376\377\006\071\006\110\006\047\006\105\006\104\000\040\006\105\006\061\006\052\006\050\006\067\000\040\006\050\006\047\000\040\006\176\006\047\006\314\006\050\006\106\006\057\006\314\000:\000\040\006\057\006\061\006\251\000\040\006\047\006\062\000\040\006\050\006\314\006\105\006\047\006\061\006\314}{section.1.2}% 8
\BOOKMARK [1][-]{section.1.3}{\376\377\006\047\006\107\006\057\006\047\006\101\000\040\006\176\006\230\006\110\006\107\006\064}{chapter.1}% 9
\BOOKMARK [2][-]{subsection.1.3.1}{\376\377\006\107\006\057\006\101\000\040\006\251\006\104\006\314}{section.1.3}% 10
\BOOKMARK [2][-]{subsection.1.3.2}{\376\377\006\047\006\107\006\057\006\047\006\101\000\040\006\047\006\056\006\052\006\065\006\047\006\065\006\314}{section.1.3}% 11
\BOOKMARK [1][-]{section.1.4}{\376\377\006\176\006\061\006\063\006\064\040\014\006\107\006\047\006\314\000\040\006\176\006\230\006\110\006\107\006\064}{chapter.1}% 12
\BOOKMARK [1][-]{section.1.5}{\376\377\006\101\006\061\006\066\006\314\006\047\006\052\000\040\006\176\006\230\006\110\006\107\006\064}{chapter.1}% 13
\BOOKMARK [0][-]{chapter.2}{\376\377\006\050\006\061\006\061\006\063\006\314\000\040\006\105\006\052\006\110\006\106}{}% 14
\BOOKMARK [1][-]{section.2.1}{\376\377\006\105\006\050\006\047\006\106\006\314\000\040\006\106\006\070\006\061\006\314\000\040\006\110\000\040\006\105\006\101\006\107\006\110\006\105\006\314}{chapter.2}% 15
\BOOKMARK [1][-]{section.2.2}{\376\377\006\105\006\061\006\110\006\061\006\314\000\040\006\050\006\061\000\040\006\105\006\067\006\047\006\104\006\071\006\047\006\052\000\040\006\176\006\314\006\064\006\314\006\106}{chapter.2}% 16
\BOOKMARK [2][-]{subsection.2.2.1}{\376\377\006\105\006\067\006\047\006\104\006\071\006\047\006\052\000\040\006\057\006\047\006\056\006\104\006\314}{section.2.2}% 17
\BOOKMARK [2][-]{subsection.2.2.2}{\376\377\006\105\006\067\006\047\006\104\006\071\006\047\006\052\000\040\006\056\006\047\006\061\006\054\006\314}{section.2.2}% 18
\BOOKMARK [0][-]{chapter.3}{\376\377\006\105\006\110\006\047\006\057\000\040\006\110\000\040\006\061\006\110\006\064\000\040\006\251\006\047\006\061}{}% 19
\BOOKMARK [1][-]{section.3.1}{\376\377\006\106\006\110\006\071\000\040\006\176\006\230\006\110\006\107\006\064}{chapter.3}% 20
\BOOKMARK [1][-]{section.3.2}{\376\377\006\054\006\047\006\105\006\071\006\107\006\014\000\040\006\105\006\055\006\314\006\067\000\040\006\110\000\040\006\106\006\105\006\110\006\106\006\107\000\040\006\176\006\230\006\110\006\107\006\064}{chapter.3}% 21
\BOOKMARK [1][-]{section.3.3}{\376\377\006\061\006\110\006\064\000\040\006\106\006\105\006\110\006\106\006\107\040\014\006\257\006\314\006\061\006\314}{chapter.3}% 22
\BOOKMARK [1][-]{section.3.4}{\376\377\006\055\006\054\006\105\000\040\006\106\006\105\006\110\006\106\006\107\000\040\006\110\000\040\006\061\006\110\006\064\000\040\006\105\006\055\006\047\006\063\006\050\006\107\000\040\006\042\006\106}{chapter.3}% 23
\BOOKMARK [1][-]{section.3.5}{\376\377\006\105\006\052\006\072\006\314\006\061\006\107\006\047}{chapter.3}% 24
\BOOKMARK [1][-]{section.3.6}{\376\377\006\105\006\071\006\314\006\047\006\061\006\107\006\047\006\314\000\040\006\110\006\061\006\110\006\057\000\040\006\110\000\040\006\056\006\061\006\110\006\054}{chapter.3}% 25
\BOOKMARK [1][-]{section.3.7}{\376\377\006\047\006\050\006\062\006\047\006\061\000\040\006\257\006\061\006\057\006\042\006\110\006\061\006\314\000\040\006\047\006\067\006\104\006\047\006\071\006\047\006\052}{chapter.3}% 26
\BOOKMARK [1][-]{section.3.8}{\376\377\006\061\006\110\006\064\000\040\006\257\006\061\006\057\006\042\006\110\006\061\006\314\000\040\006\047\006\067\006\104\006\047\006\071\006\047\006\052\000\040\006\110\000\040\006\047\006\054\006\061\006\047\006\314\000\040\006\105\006\057\006\047\006\056\006\104\006\107}{chapter.3}% 27
\BOOKMARK [1][-]{section.3.9}{\376\377\006\061\006\110\006\064\040\014\006\107\006\047\006\314\000\040\006\042\006\105\006\047\006\061\006\314\000\040\006\110\000\040\006\052\006\054\006\062\006\314\006\107\040\014\006\110\006\052\006\055\006\104\006\314\006\104\000\040\006\057\006\047\006\057\006\107\040\014\006\107\006\047}{chapter.3}% 28
\BOOKMARK [1][-]{section.3.10}{\376\377\006\105\006\055\006\057\006\110\006\057\006\314\006\052\000\040\006\107\006\047\006\314\000\040\006\176\006\230\006\110\006\107\006\064}{chapter.3}% 29
\BOOKMARK [1][-]{section.3.11}{\376\377\006\105\006\104\006\047\006\055\006\070\006\047\006\052\000\040\006\047\006\056\006\104\006\047\006\102\006\314}{chapter.3}% 30
\BOOKMARK [0][-]{chapter.4}{\376\377\006\314\006\047\006\101\006\052\006\107\040\014\006\107\006\047}{}% 31
\BOOKMARK [1][-]{section.4.1}{\376\377\006\105\006\102\006\057\006\105\006\107\000\040\006\101\006\065\006\104}{chapter.4}% 32
\BOOKMARK [1][-]{section.4.2}{\376\377\006\110\006\314\006\230\006\257\006\314\040\014\006\107\006\047\006\314\000\040\006\054\006\105\006\071\006\314\006\052\040\014\006\064\006\106\006\047\006\056\006\052\006\314\000\040\006\064\006\061\006\251\006\052\040\014\006\251\006\106\006\106\006\057\006\257\006\047\006\106}{chapter.4}% 33
\BOOKMARK [1][-]{section.4.3}{\376\377\000\040\006\314\006\047\006\101\006\052\006\107\000\040\006\107\006\047\006\314\000\040\006\050\006\047\006\104\006\314\006\106\006\314\000\040\006\050\006\314\006\105\006\047\006\061\006\047\006\106}{chapter.4}% 34
\BOOKMARK [1][-]{section.4.4}{\376\377\006\064\006\047\006\056\006\065\040\014\006\107\006\047\006\314\000\040\006\176\006\047\006\314\006\050\006\106\006\057\006\314\000\040\006\110\000\040\006\061\006\101\006\052\006\047\006\061\006\107\006\047\006\314\000\040\006\063\006\104\006\047\006\105\006\052}{chapter.4}% 35
\BOOKMARK [1][-]{section.4.5}{\376\377\006\047\006\061\006\052\006\050\006\047\006\067\000\040\006\050\006\314\006\106\000\040\006\105\006\052\006\072\006\314\006\061\000\040\006\107\006\047\006\314\000\040\006\057\006\105\006\110\006\257\006\061\006\047\006\101\006\314\006\251\000\040\006\110\000\040\006\176\006\047\006\314\006\050\006\106\006\057\006\314\000\040\006\050\006\107\000\040\006\047\006\102\006\057\006\047\006\105\006\047\006\052\000\040\006\176\006\314\006\064\006\257\006\314\006\061\006\314\000\040\006\053\006\047\006\106\006\110\006\314\006\107}{chapter.4}% 36
\BOOKMARK [1][-]{section.4.6}{\376\377\006\047\006\061\006\052\006\050\006\047\006\067\000\040\006\050\006\314\006\106\000\040\006\105\006\052\006\072\006\314\006\061\000\040\006\107\006\047\006\314\000\040\006\050\006\047\006\104\006\314\006\106\006\314\000\040\006\110\000\040\006\176\006\047\006\314\006\050\006\106\006\057\006\314\000\040\006\050\006\107\000\040\006\047\006\102\006\057\006\047\006\105\006\047\006\052\000\040\006\176\006\314\006\064\006\257\006\314\006\061\006\314\000\040\006\053\006\047\006\106\006\110\006\314\006\107}{chapter.4}% 37
\BOOKMARK [1][-]{section.4.7}{\376\377\006\052\006\055\006\104\006\314\006\104\000\040\006\206\006\106\006\057\006\105\006\052\006\072\006\314\006\061\006\107\000\040\006\071\006\110\006\047\006\105\006\104\000\040\006\105\006\061\006\052\006\050\006\067\000\040\006\050\006\047\000\040\006\176\006\047\006\314\006\050\006\106\006\057\006\314\000\040\006\050\006\107\000\040\006\047\006\102\006\057\006\047\006\105\006\047\006\052\000\040\006\176\006\314\006\064\006\257\006\314\006\061\006\314\000\040\006\053\006\047\006\106\006\110\006\314\006\107}{chapter.4}% 38
\BOOKMARK [0][-]{chapter.5}{\376\377\006\050\006\055\006\053\000\040\006\110\000\040\006\106\006\052\006\314\006\054\006\107\040\014\006\257\006\314\006\061\006\314}{}% 39
\BOOKMARK [1][-]{section.5.1}{\376\377\006\050\006\055\006\053}{chapter.5}% 40
\BOOKMARK [1][-]{section.5.2}{\376\377\006\176\006\314\006\064\006\106\006\107\006\047\006\057\006\107\006\047\000\040\006\050\006\061\006\047\006\314\000\040\006\176\006\230\006\110\006\107\006\064\040\014\006\107\006\047\006\314\000\040\006\042\006\314\006\106\006\057\006\107}{chapter.5}% 41
\BOOKMARK [1][-]{section.5.3}{\376\377\006\106\006\052\006\314\006\054\006\107\040\014\006\257\006\314\006\061\006\314}{chapter.5}% 42
\BOOKMARK [0][-]{section*.12}{\376\377\006\101\006\107\006\061\006\063\006\052\000\040\006\105\006\106\006\047\006\050\006\071\000\040\006\110\000\040\006\105\006\043\006\056\006\060}{}% 43
